------------------------------------------------------------
TimeQuest Timing Analyzer Summary
------------------------------------------------------------

Type  : Slow Model Setup 'KEY[0]'
Slack : -0.605
TNS   : -1.805

Type  : Slow Model Hold 'KEY[0]'
Slack : 0.254
TNS   : 0.000

Type  : Slow Model Recovery 'KEY[0]'
Slack : -0.038
TNS   : -0.114

Type  : Slow Model Removal 'KEY[0]'
Slack : 0.308
TNS   : 0.000

Type  : Slow Model Minimum Pulse Width 'KEY[0]'
Slack : -1.380
TNS   : -4.380

Type  : Slow Model Minimum Pulse Width 'KEY[1]'
Slack : -1.380
TNS   : -1.380

Type  : Fast Model Setup 'KEY[0]'
Slack : 0.122
TNS   : 0.000

Type  : Fast Model Hold 'KEY[0]'
Slack : -0.247
TNS   : -0.739

Type  : Fast Model Recovery 'KEY[0]'
Slack : 0.244
TNS   : 0.000

Type  : Fast Model Removal 'KEY[0]'
Slack : 0.136
TNS   : 0.000

Type  : Fast Model Minimum Pulse Width 'KEY[0]'
Slack : -1.380
TNS   : -4.380

Type  : Fast Model Minimum Pulse Width 'KEY[1]'
Slack : -1.380
TNS   : -1.380

------------------------------------------------------------
