------------------------------------------------------------
TimeQuest Timing Analyzer Summary
------------------------------------------------------------

Type  : Slow Model Setup 'CLK2'
Slack : -5.871
TNS   : -182.400

Type  : Slow Model Setup 'CLK1'
Slack : -4.743
TNS   : -20.925

Type  : Slow Model Hold 'CLK1'
Slack : 0.391
TNS   : 0.000

Type  : Slow Model Hold 'CLK2'
Slack : 0.551
TNS   : 0.000

Type  : Slow Model Minimum Pulse Width 'CLK2'
Slack : -1.380
TNS   : -37.380

Type  : Slow Model Minimum Pulse Width 'CLK1'
Slack : -1.380
TNS   : -22.380

Type  : Fast Model Setup 'CLK2'
Slack : -2.047
TNS   : -59.846

Type  : Fast Model Setup 'CLK1'
Slack : -1.522
TNS   : -4.187

Type  : Fast Model Hold 'CLK1'
Slack : 0.215
TNS   : 0.000

Type  : Fast Model Hold 'CLK2'
Slack : 0.253
TNS   : 0.000

Type  : Fast Model Minimum Pulse Width 'CLK2'
Slack : -1.380
TNS   : -37.380

Type  : Fast Model Minimum Pulse Width 'CLK1'
Slack : -1.380
TNS   : -22.380

------------------------------------------------------------
