TimeQuest Timing Analyzer report for ALU
Tue Oct 15 09:51:30 2024
Quartus II 64-Bit Version 13.0.1 Build 232 06/12/2013 Service Pack 1 SJ Web Edition


---------------------
; Table of Contents ;
---------------------
  1. Legal Notice
  2. TimeQuest Timing Analyzer Summary
  3. Parallel Compilation
  4. Clocks
  5. Slow Model Fmax Summary
  6. Slow Model Setup Summary
  7. Slow Model Hold Summary
  8. Slow Model Recovery Summary
  9. Slow Model Removal Summary
 10. Slow Model Minimum Pulse Width Summary
 11. Propagation Delay
 12. Minimum Propagation Delay
 13. Fast Model Setup Summary
 14. Fast Model Hold Summary
 15. Fast Model Recovery Summary
 16. Fast Model Removal Summary
 17. Fast Model Minimum Pulse Width Summary
 18. Propagation Delay
 19. Minimum Propagation Delay
 20. Multicorner Timing Analysis Summary
 21. Progagation Delay
 22. Minimum Progagation Delay
 23. Clock Transfers
 24. Report TCCS
 25. Report RSKM
 26. Unconstrained Paths
 27. TimeQuest Timing Analyzer Messages



----------------
; Legal Notice ;
----------------
Copyright (C) 1991-2013 Altera Corporation
Your use of Altera Corporation's design tools, logic functions 
and other software and tools, and its AMPP partner logic 
functions, and any output files from any of the foregoing 
(including device programming or simulation files), and any 
associated documentation or information are expressly subject 
to the terms and conditions of the Altera Program License 
Subscription Agreement, Altera MegaCore Function License 
Agreement, or other applicable license agreement, including, 
without limitation, that your use is for the sole purpose of 
programming logic devices manufactured by Altera and sold by 
Altera or its authorized distributors.  Please refer to the 
applicable agreement for further details.



+----------------------------------------------------------------------------------------+
; TimeQuest Timing Analyzer Summary                                                      ;
+--------------------+-------------------------------------------------------------------+
; Quartus II Version ; Version 13.0.1 Build 232 06/12/2013 Service Pack 1 SJ Web Edition ;
; Revision Name      ; ALU                                                               ;
; Device Family      ; Cyclone II                                                        ;
; Device Name        ; EP2C35F672C6                                                      ;
; Timing Models      ; Final                                                             ;
; Delay Model        ; Combined                                                          ;
; Rise/Fall Delays   ; Unavailable                                                       ;
+--------------------+-------------------------------------------------------------------+


Parallel compilation was disabled, but you have multiple processors available. Enable parallel compilation to reduce compilation time.
+-------------------------------------+
; Parallel Compilation                ;
+----------------------------+--------+
; Processors                 ; Number ;
+----------------------------+--------+
; Number detected on machine ; 16     ;
; Maximum allowed            ; 1      ;
+----------------------------+--------+


----------
; Clocks ;
----------
No clocks to report.


---------------------------
; Slow Model Fmax Summary ;
---------------------------
No paths to report.


----------------------------
; Slow Model Setup Summary ;
----------------------------
No paths to report.


---------------------------
; Slow Model Hold Summary ;
---------------------------
No paths to report.


-------------------------------
; Slow Model Recovery Summary ;
-------------------------------
No paths to report.


------------------------------
; Slow Model Removal Summary ;
------------------------------
No paths to report.


------------------------------------------
; Slow Model Minimum Pulse Width Summary ;
------------------------------------------
No paths to report.


+--------------------------------------------------------------+
; Propagation Delay                                            ;
+------------+-------------+--------+--------+--------+--------+
; Input Port ; Output Port ; RR     ; RF     ; FR     ; FF     ;
+------------+-------------+--------+--------+--------+--------+
; A[0]       ; LEDG[0]     ; 13.529 ; 13.529 ; 13.529 ; 13.529 ;
; A[0]       ; LEDG[1]     ; 14.431 ; 14.431 ; 14.431 ; 14.431 ;
; A[0]       ; LEDG[2]     ; 14.645 ; 14.645 ; 14.645 ; 14.645 ;
; A[0]       ; LEDG[3]     ; 12.792 ; 12.792 ; 12.792 ; 12.792 ;
; A[0]       ; LEDG[4]     ; 11.851 ; 11.851 ; 11.851 ; 11.851 ;
; A[0]       ; LEDG[5]     ; 12.510 ; 12.510 ; 12.510 ; 12.510 ;
; A[0]       ; LEDG[6]     ; 12.283 ; 12.283 ; 12.283 ; 12.283 ;
; A[0]       ; LEDG[7]     ; 13.741 ; 13.741 ; 13.741 ; 13.741 ;
; A[0]       ; LEDR[0]     ; 10.223 ; 10.223 ; 10.223 ; 10.223 ;
; A[0]       ; LEDR[1]     ; 16.662 ; 16.662 ; 16.662 ; 16.662 ;
; A[1]       ; LEDG[0]     ; 13.849 ; 13.849 ; 13.849 ; 13.849 ;
; A[1]       ; LEDG[1]     ; 14.751 ; 14.751 ; 14.751 ; 14.751 ;
; A[1]       ; LEDG[2]     ; 14.965 ; 14.965 ; 14.965 ; 14.965 ;
; A[1]       ; LEDG[3]     ; 12.820 ; 12.820 ; 12.820 ; 12.820 ;
; A[1]       ; LEDG[4]     ; 11.457 ; 11.457 ; 11.457 ; 11.457 ;
; A[1]       ; LEDG[5]     ; 12.116 ; 12.116 ; 12.116 ; 12.116 ;
; A[1]       ; LEDG[6]     ; 11.889 ; 11.889 ; 11.889 ; 11.889 ;
; A[1]       ; LEDG[7]     ; 13.347 ; 13.347 ; 13.347 ; 13.347 ;
; A[1]       ; LEDR[0]     ; 8.900  ; 8.900  ; 8.900  ; 8.900  ;
; A[1]       ; LEDR[1]     ; 16.982 ; 16.982 ; 16.982 ; 16.982 ;
; A[2]       ; LEDG[0]     ; 14.238 ; 14.238 ; 14.238 ; 14.238 ;
; A[2]       ; LEDG[1]     ; 15.140 ; 15.140 ; 15.140 ; 15.140 ;
; A[2]       ; LEDG[2]     ; 15.354 ; 15.354 ; 15.354 ; 15.354 ;
; A[2]       ; LEDG[3]     ; 13.209 ; 13.209 ; 13.209 ; 13.209 ;
; A[2]       ; LEDG[4]     ; 11.651 ; 11.651 ; 11.651 ; 11.651 ;
; A[2]       ; LEDG[5]     ; 12.310 ; 12.310 ; 12.310 ; 12.310 ;
; A[2]       ; LEDG[6]     ; 12.083 ; 12.083 ; 12.083 ; 12.083 ;
; A[2]       ; LEDG[7]     ; 13.541 ; 13.541 ; 13.541 ; 13.541 ;
; A[2]       ; LEDR[0]     ; 8.308  ; 8.308  ; 8.308  ; 8.308  ;
; A[2]       ; LEDR[1]     ; 17.371 ; 17.371 ; 17.371 ; 17.371 ;
; A[3]       ; LEDG[0]     ; 13.743 ; 13.743 ; 13.743 ; 13.743 ;
; A[3]       ; LEDG[1]     ; 14.645 ; 14.645 ; 14.645 ; 14.645 ;
; A[3]       ; LEDG[2]     ; 14.859 ; 14.859 ; 14.859 ; 14.859 ;
; A[3]       ; LEDG[3]     ; 12.714 ; 12.714 ; 12.714 ; 12.714 ;
; A[3]       ; LEDG[4]     ; 9.570  ; 9.570  ; 9.570  ; 9.570  ;
; A[3]       ; LEDG[5]     ; 10.229 ; 10.229 ; 10.229 ; 10.229 ;
; A[3]       ; LEDG[6]     ; 10.002 ; 10.002 ; 10.002 ; 10.002 ;
; A[3]       ; LEDG[7]     ; 11.460 ; 11.460 ; 11.460 ; 11.460 ;
; A[3]       ; LEDR[0]     ; 6.496  ; 6.496  ; 6.496  ; 6.496  ;
; A[3]       ; LEDR[1]     ; 16.876 ; 16.876 ; 16.876 ; 16.876 ;
; B[0]       ; LEDG[0]     ; 12.773 ; 12.773 ; 12.773 ; 12.773 ;
; B[0]       ; LEDG[1]     ; 13.675 ; 13.675 ; 13.675 ; 13.675 ;
; B[0]       ; LEDG[2]     ; 13.889 ; 13.889 ; 13.889 ; 13.889 ;
; B[0]       ; LEDG[3]     ; 11.744 ; 11.744 ; 11.744 ; 11.744 ;
; B[0]       ; LEDG[4]     ; 10.524 ; 10.524 ; 10.524 ; 10.524 ;
; B[0]       ; LEDG[5]     ; 11.183 ; 11.183 ; 11.183 ; 11.183 ;
; B[0]       ; LEDG[6]     ; 10.956 ; 10.956 ; 10.956 ; 10.956 ;
; B[0]       ; LEDG[7]     ; 12.414 ; 12.414 ; 12.414 ; 12.414 ;
; B[0]       ; LEDR[0]     ; 8.322  ; 8.322  ; 8.322  ; 8.322  ;
; B[0]       ; LEDR[1]     ; 15.906 ; 15.906 ; 15.906 ; 15.906 ;
; B[1]       ; LEDG[0]     ; 13.273 ; 13.273 ; 13.273 ; 13.273 ;
; B[1]       ; LEDG[1]     ; 14.175 ; 14.175 ; 14.175 ; 14.175 ;
; B[1]       ; LEDG[2]     ; 14.389 ; 14.389 ; 14.389 ; 14.389 ;
; B[1]       ; LEDG[3]     ; 12.244 ; 12.244 ; 12.244 ; 12.244 ;
; B[1]       ; LEDG[4]     ; 10.487 ; 10.487 ; 10.487 ; 10.487 ;
; B[1]       ; LEDG[5]     ; 11.146 ; 11.146 ; 11.146 ; 11.146 ;
; B[1]       ; LEDG[6]     ; 10.919 ; 10.919 ; 10.919 ; 10.919 ;
; B[1]       ; LEDG[7]     ; 12.377 ; 12.377 ; 12.377 ; 12.377 ;
; B[1]       ; LEDR[0]     ; 8.397  ; 8.397  ; 8.397  ; 8.397  ;
; B[1]       ; LEDR[1]     ; 16.406 ; 16.406 ; 16.406 ; 16.406 ;
; B[2]       ; LEDG[0]     ; 15.367 ; 15.367 ; 15.367 ; 15.367 ;
; B[2]       ; LEDG[1]     ; 16.269 ; 16.269 ; 16.269 ; 16.269 ;
; B[2]       ; LEDG[2]     ; 16.483 ; 16.483 ; 16.483 ; 16.483 ;
; B[2]       ; LEDG[3]     ; 14.338 ; 14.338 ; 14.338 ; 14.338 ;
; B[2]       ; LEDG[4]     ; 11.302 ; 11.302 ; 11.302 ; 11.302 ;
; B[2]       ; LEDG[5]     ; 11.961 ; 11.961 ; 11.961 ; 11.961 ;
; B[2]       ; LEDG[6]     ; 11.734 ; 11.734 ; 11.734 ; 11.734 ;
; B[2]       ; LEDG[7]     ; 13.192 ; 13.192 ; 13.192 ; 13.192 ;
; B[2]       ; LEDR[0]     ; 9.212  ; 9.212  ; 9.212  ; 9.212  ;
; B[2]       ; LEDR[1]     ; 18.500 ; 18.500 ; 18.500 ; 18.500 ;
; B[3]       ; LEDG[0]     ; 14.944 ; 14.944 ; 14.944 ; 14.944 ;
; B[3]       ; LEDG[1]     ; 15.846 ; 15.846 ; 15.846 ; 15.846 ;
; B[3]       ; LEDG[2]     ; 16.060 ; 16.060 ; 16.060 ; 16.060 ;
; B[3]       ; LEDG[3]     ; 13.915 ; 13.915 ; 13.915 ; 13.915 ;
; B[3]       ; LEDG[4]     ; 9.180  ; 9.180  ; 9.180  ; 9.180  ;
; B[3]       ; LEDG[5]     ; 10.000 ; 10.000 ; 10.000 ; 10.000 ;
; B[3]       ; LEDG[6]     ; 9.628  ; 9.628  ; 9.628  ; 9.628  ;
; B[3]       ; LEDG[7]     ; 11.086 ;        ;        ; 11.086 ;
; B[3]       ; LEDR[0]     ; 8.657  ; 8.657  ; 8.657  ; 8.657  ;
; B[3]       ; LEDR[1]     ; 18.077 ; 18.077 ; 18.077 ; 18.077 ;
; S[0]       ; LEDG[0]     ; 9.426  ; 9.426  ; 9.426  ; 9.426  ;
; S[0]       ; LEDG[1]     ; 10.993 ; 10.993 ; 10.993 ; 10.993 ;
; S[0]       ; LEDG[2]     ; 11.002 ; 11.002 ; 11.002 ; 11.002 ;
; S[0]       ; LEDG[3]     ; 12.464 ; 12.464 ; 12.464 ; 12.464 ;
; S[0]       ; LEDG[4]     ;        ; 9.755  ; 9.755  ;        ;
; S[0]       ; LEDG[5]     ;        ; 9.724  ; 9.724  ;        ;
; S[0]       ; LEDG[6]     ;        ; 9.069  ; 9.069  ;        ;
; S[0]       ; LEDG[7]     ;        ; 8.532  ; 8.532  ;        ;
; S[0]       ; LEDR[0]     ; 9.895  ; 9.895  ; 9.895  ; 9.895  ;
; S[0]       ; LEDR[1]     ; 13.019 ; 13.019 ; 13.019 ; 13.019 ;
; S[1]       ; LEDG[0]     ; 10.014 ; 10.014 ; 10.014 ; 10.014 ;
; S[1]       ; LEDG[1]     ; 10.866 ; 10.866 ; 10.866 ; 10.866 ;
; S[1]       ; LEDG[2]     ; 11.080 ; 11.080 ; 11.080 ; 11.080 ;
; S[1]       ; LEDG[3]     ; 12.477 ; 12.477 ; 12.477 ; 12.477 ;
; S[1]       ; LEDG[4]     ;        ; 9.560  ; 9.560  ;        ;
; S[1]       ; LEDG[5]     ;        ; 9.529  ; 9.529  ;        ;
; S[1]       ; LEDG[6]     ;        ; 8.874  ; 8.874  ;        ;
; S[1]       ; LEDG[7]     ;        ; 8.328  ; 8.328  ;        ;
; S[1]       ; LEDR[0]     ; 9.908  ; 9.908  ; 9.908  ; 9.908  ;
; S[1]       ; LEDR[1]     ; 13.097 ; 13.097 ; 13.097 ; 13.097 ;
; S[2]       ; LEDG[0]     ; 9.004  ; 8.803  ; 8.803  ; 9.004  ;
; S[2]       ; LEDG[1]     ; 10.491 ; 10.491 ; 10.491 ; 10.491 ;
; S[2]       ; LEDG[2]     ; 10.478 ; 10.478 ; 10.478 ; 10.478 ;
; S[2]       ; LEDG[3]     ; 11.624 ; 11.624 ; 11.624 ; 11.624 ;
; S[2]       ; LEDR[0]     ; 9.055  ; 9.055  ; 9.055  ; 9.055  ;
; S[2]       ; LEDR[1]     ; 12.495 ; 12.495 ; 12.495 ; 12.495 ;
; S[3]       ; LEDG[0]     ; 11.705 ; 11.705 ; 11.705 ; 11.705 ;
; S[3]       ; LEDG[1]     ; 14.480 ; 14.480 ; 14.480 ; 14.480 ;
; S[3]       ; LEDG[2]     ; 14.467 ; 14.467 ; 14.467 ; 14.467 ;
; S[3]       ; LEDG[3]     ; 14.239 ; 14.605 ; 14.605 ; 14.239 ;
; S[3]       ; LEDG[4]     ; 13.279 ;        ;        ; 13.279 ;
; S[3]       ; LEDG[5]     ; 13.248 ;        ;        ; 13.248 ;
; S[3]       ; LEDG[6]     ; 12.593 ;        ;        ; 12.593 ;
; S[3]       ; LEDG[7]     ; 12.022 ;        ;        ; 12.022 ;
; S[3]       ; LEDR[1]     ; 16.484 ; 16.484 ; 16.484 ; 16.484 ;
+------------+-------------+--------+--------+--------+--------+


+--------------------------------------------------------------+
; Minimum Propagation Delay                                    ;
+------------+-------------+--------+--------+--------+--------+
; Input Port ; Output Port ; RR     ; RF     ; FR     ; FF     ;
+------------+-------------+--------+--------+--------+--------+
; A[0]       ; LEDG[0]     ; 8.818  ; 8.818  ; 8.818  ; 8.818  ;
; A[0]       ; LEDG[1]     ; 11.054 ; 11.054 ; 11.054 ; 11.054 ;
; A[0]       ; LEDG[2]     ; 11.330 ; 11.330 ; 11.330 ; 11.330 ;
; A[0]       ; LEDG[3]     ; 9.573  ; 9.573  ; 9.573  ; 9.573  ;
; A[0]       ; LEDG[4]     ; 9.011  ; 9.011  ; 9.011  ; 9.011  ;
; A[0]       ; LEDG[5]     ; 9.971  ; 9.971  ; 9.971  ; 9.971  ;
; A[0]       ; LEDG[6]     ; 9.599  ; 9.599  ; 9.599  ; 9.599  ;
; A[0]       ; LEDG[7]     ; 11.057 ; 12.159 ; 12.159 ; 11.057 ;
; A[0]       ; LEDR[0]     ; 10.223 ; 10.223 ; 10.223 ; 10.223 ;
; A[0]       ; LEDR[1]     ; 8.936  ; 8.936  ; 8.936  ; 8.936  ;
; A[1]       ; LEDG[0]     ; 10.351 ; 10.994 ; 10.994 ; 10.351 ;
; A[1]       ; LEDG[1]     ; 9.559  ; 9.559  ; 9.559  ; 9.559  ;
; A[1]       ; LEDG[2]     ; 10.007 ; 10.007 ; 10.007 ; 10.007 ;
; A[1]       ; LEDG[3]     ; 9.573  ; 9.573  ; 9.573  ; 9.573  ;
; A[1]       ; LEDG[4]     ; 8.525  ; 8.525  ; 8.525  ; 8.525  ;
; A[1]       ; LEDG[5]     ; 8.639  ; 8.639  ; 8.639  ; 8.639  ;
; A[1]       ; LEDG[6]     ; 8.267  ; 8.267  ; 8.267  ; 8.267  ;
; A[1]       ; LEDG[7]     ; 9.725  ; 11.065 ; 11.065 ; 9.725  ;
; A[1]       ; LEDR[0]     ; 8.900  ; 8.900  ; 8.900  ; 8.900  ;
; A[1]       ; LEDR[1]     ; 8.450  ; 8.450  ; 8.450  ; 8.450  ;
; A[2]       ; LEDG[0]     ; 9.900  ; 11.468 ; 11.468 ; 9.900  ;
; A[2]       ; LEDG[1]     ; 9.926  ; 10.241 ; 10.241 ; 9.926  ;
; A[2]       ; LEDG[2]     ; 9.206  ; 9.876  ; 9.876  ; 9.206  ;
; A[2]       ; LEDG[3]     ; 10.298 ; 10.298 ; 10.298 ; 10.298 ;
; A[2]       ; LEDG[4]     ; 8.917  ; 8.917  ; 8.917  ; 8.917  ;
; A[2]       ; LEDG[5]     ; 8.744  ; 8.744  ; 8.744  ; 8.744  ;
; A[2]       ; LEDG[6]     ; 7.988  ; 7.988  ; 7.988  ; 7.988  ;
; A[2]       ; LEDG[7]     ; 9.446  ; 10.662 ; 10.662 ; 9.446  ;
; A[2]       ; LEDR[0]     ; 8.308  ; 8.308  ; 8.308  ; 8.308  ;
; A[2]       ; LEDR[1]     ; 8.842  ; 8.842  ; 8.842  ; 8.842  ;
; A[3]       ; LEDG[0]     ; 7.835  ; 9.107  ; 9.107  ; 7.835  ;
; A[3]       ; LEDG[1]     ; 8.327  ; 8.937  ; 8.937  ; 8.327  ;
; A[3]       ; LEDG[2]     ; 8.419  ; 9.333  ; 9.333  ; 8.419  ;
; A[3]       ; LEDG[3]     ; 8.222  ; 8.222  ; 8.222  ; 8.222  ;
; A[3]       ; LEDG[4]     ; 8.371  ; 8.371  ; 8.371  ; 8.371  ;
; A[3]       ; LEDG[5]     ; 7.551  ; 7.551  ; 7.551  ; 7.551  ;
; A[3]       ; LEDG[6]     ; 6.885  ; 6.885  ; 6.885  ; 6.885  ;
; A[3]       ; LEDG[7]     ; 7.990  ; 9.053  ; 9.053  ; 7.990  ;
; A[3]       ; LEDR[0]     ; 6.496  ; 6.496  ; 6.496  ; 6.496  ;
; A[3]       ; LEDR[1]     ; 8.151  ; 8.151  ; 8.151  ; 8.151  ;
; B[0]       ; LEDG[0]     ; 7.694  ; 7.694  ; 7.694  ; 7.694  ;
; B[0]       ; LEDG[1]     ; 8.776  ; 8.466  ; 8.466  ; 8.776  ;
; B[0]       ; LEDG[2]     ; 9.429  ; 7.744  ; 7.744  ; 9.429  ;
; B[0]       ; LEDG[3]     ; 9.461  ; 8.436  ; 8.436  ; 9.461  ;
; B[0]       ; LEDG[4]     ; 8.907  ; 8.907  ; 8.907  ; 8.907  ;
; B[0]       ; LEDG[5]     ; 8.601  ; 8.601  ; 8.601  ; 8.601  ;
; B[0]       ; LEDG[6]     ; 8.219  ; 8.219  ; 8.219  ; 8.219  ;
; B[0]       ; LEDG[7]     ; 9.531  ; 10.103 ; 10.103 ; 9.531  ;
; B[0]       ; LEDR[0]     ; 8.322  ; 8.322  ; 8.322  ; 8.322  ;
; B[0]       ; LEDR[1]     ; 8.739  ; 8.832  ; 8.832  ; 8.739  ;
; B[1]       ; LEDG[0]     ; 9.689  ; 9.202  ; 9.202  ; 9.689  ;
; B[1]       ; LEDG[1]     ; 8.264  ; 8.047  ; 8.047  ; 8.264  ;
; B[1]       ; LEDG[2]     ; 8.800  ; 8.587  ; 8.587  ; 8.800  ;
; B[1]       ; LEDG[3]     ; 9.311  ; 8.250  ; 8.250  ; 9.311  ;
; B[1]       ; LEDG[4]     ; 8.644  ; 8.644  ; 8.644  ; 8.644  ;
; B[1]       ; LEDG[5]     ; 8.012  ; 8.012  ; 8.012  ; 8.012  ;
; B[1]       ; LEDG[6]     ; 7.630  ; 7.630  ; 7.630  ; 7.630  ;
; B[1]       ; LEDG[7]     ; 8.942  ; 9.514  ; 9.514  ; 8.942  ;
; B[1]       ; LEDR[0]     ; 8.397  ; 8.397  ; 8.397  ; 8.397  ;
; B[1]       ; LEDR[1]     ; 8.553  ; 8.569  ; 8.569  ; 8.553  ;
; B[2]       ; LEDG[0]     ; 11.371 ; 10.396 ; 10.396 ; 11.371 ;
; B[2]       ; LEDG[1]     ; 10.630 ; 9.729  ; 9.729  ; 10.630 ;
; B[2]       ; LEDG[2]     ; 10.290 ; 10.290 ; 10.290 ; 10.290 ;
; B[2]       ; LEDG[3]     ; 9.987  ; 9.987  ; 9.987  ; 9.987  ;
; B[2]       ; LEDG[4]     ; 9.294  ; 9.294  ; 9.294  ; 9.294  ;
; B[2]       ; LEDG[5]     ; 8.786  ; 8.786  ; 8.786  ; 8.786  ;
; B[2]       ; LEDG[6]     ; 8.403  ; 8.403  ; 8.403  ; 8.403  ;
; B[2]       ; LEDG[7]     ; 9.715  ; 10.288 ; 10.288 ; 9.715  ;
; B[2]       ; LEDR[0]     ; 9.212  ; 9.212  ; 9.212  ; 9.212  ;
; B[2]       ; LEDR[1]     ; 9.219  ; 9.219  ; 9.219  ; 9.219  ;
; B[3]       ; LEDG[0]     ; 11.087 ; 9.794  ; 9.794  ; 11.087 ;
; B[3]       ; LEDG[1]     ; 10.441 ; 9.669  ; 9.669  ; 10.441 ;
; B[3]       ; LEDG[2]     ; 11.305 ; 10.258 ; 10.258 ; 11.305 ;
; B[3]       ; LEDG[3]     ; 9.562  ; 9.562  ; 9.562  ; 9.562  ;
; B[3]       ; LEDG[4]     ; 9.040  ; 9.040  ; 9.040  ; 9.040  ;
; B[3]       ; LEDG[5]     ; 9.136  ; 9.136  ; 9.136  ; 9.136  ;
; B[3]       ; LEDG[6]     ; 8.504  ; 8.504  ; 8.504  ; 8.504  ;
; B[3]       ; LEDG[7]     ; 9.437  ;        ;        ; 9.437  ;
; B[3]       ; LEDR[0]     ; 8.657  ; 8.657  ; 8.657  ; 8.657  ;
; B[3]       ; LEDR[1]     ; 8.965  ; 8.965  ; 8.965  ; 8.965  ;
; S[0]       ; LEDG[0]     ; 8.488  ; 8.488  ; 8.488  ; 8.488  ;
; S[0]       ; LEDG[1]     ; 9.470  ; 9.470  ; 9.470  ; 9.470  ;
; S[0]       ; LEDG[2]     ; 9.765  ; 9.765  ; 9.765  ; 9.765  ;
; S[0]       ; LEDG[3]     ; 9.857  ; 9.857  ; 9.857  ; 9.857  ;
; S[0]       ; LEDG[4]     ;        ; 9.755  ; 9.755  ;        ;
; S[0]       ; LEDG[5]     ;        ; 9.724  ; 9.724  ;        ;
; S[0]       ; LEDG[6]     ;        ; 9.069  ; 9.069  ;        ;
; S[0]       ; LEDG[7]     ;        ; 8.532  ; 8.532  ;        ;
; S[0]       ; LEDR[0]     ; 8.942  ; 8.942  ; 8.942  ; 8.942  ;
; S[0]       ; LEDR[1]     ; 9.680  ; 10.160 ; 10.160 ; 9.680  ;
; S[1]       ; LEDG[0]     ; 8.873  ; 8.873  ; 8.873  ; 8.873  ;
; S[1]       ; LEDG[1]     ; 9.665  ; 9.665  ; 9.665  ; 9.665  ;
; S[1]       ; LEDG[2]     ; 9.475  ; 9.475  ; 9.475  ; 9.475  ;
; S[1]       ; LEDG[3]     ; 9.608  ; 9.608  ; 9.608  ; 9.608  ;
; S[1]       ; LEDG[4]     ;        ; 9.560  ; 9.560  ;        ;
; S[1]       ; LEDG[5]     ;        ; 9.529  ; 9.529  ;        ;
; S[1]       ; LEDG[6]     ;        ; 8.874  ; 8.874  ;        ;
; S[1]       ; LEDG[7]     ;        ; 8.328  ; 8.328  ;        ;
; S[1]       ; LEDR[0]     ; 8.703  ; 8.703  ; 8.703  ; 8.703  ;
; S[1]       ; LEDR[1]     ; 9.485  ; 9.911  ; 9.911  ; 9.485  ;
; S[2]       ; LEDG[0]     ; 8.803  ; 8.803  ; 8.803  ; 8.803  ;
; S[2]       ; LEDG[1]     ; 9.777  ; 9.777  ; 9.777  ; 9.777  ;
; S[2]       ; LEDG[2]     ; 9.494  ; 9.494  ; 9.494  ; 9.494  ;
; S[2]       ; LEDG[3]     ; 10.126 ; 9.236  ; 9.236  ; 10.126 ;
; S[2]       ; LEDR[0]     ; 8.036  ; 8.379  ; 8.379  ; 8.036  ;
; S[2]       ; LEDR[1]     ; 9.539  ; 10.429 ; 10.429 ; 9.539  ;
; S[3]       ; LEDG[0]     ; 11.705 ; 11.705 ; 11.705 ; 11.705 ;
; S[3]       ; LEDG[1]     ; 13.071 ; 13.071 ; 13.071 ; 13.071 ;
; S[3]       ; LEDG[2]     ; 13.051 ; 13.051 ; 13.051 ; 13.051 ;
; S[3]       ; LEDG[3]     ; 13.689 ; 12.813 ; 12.813 ; 13.689 ;
; S[3]       ; LEDG[4]     ; 13.279 ;        ;        ; 13.279 ;
; S[3]       ; LEDG[5]     ; 13.248 ;        ;        ; 13.248 ;
; S[3]       ; LEDG[6]     ; 12.593 ;        ;        ; 12.593 ;
; S[3]       ; LEDG[7]     ; 12.022 ;        ;        ; 12.022 ;
; S[3]       ; LEDR[1]     ; 13.116 ; 13.204 ; 13.204 ; 13.116 ;
+------------+-------------+--------+--------+--------+--------+


----------------------------
; Fast Model Setup Summary ;
----------------------------
No paths to report.


---------------------------
; Fast Model Hold Summary ;
---------------------------
No paths to report.


-------------------------------
; Fast Model Recovery Summary ;
-------------------------------
No paths to report.


------------------------------
; Fast Model Removal Summary ;
------------------------------
No paths to report.


------------------------------------------
; Fast Model Minimum Pulse Width Summary ;
------------------------------------------
No paths to report.


+----------------------------------------------------------+
; Propagation Delay                                        ;
+------------+-------------+-------+-------+-------+-------+
; Input Port ; Output Port ; RR    ; RF    ; FR    ; FF    ;
+------------+-------------+-------+-------+-------+-------+
; A[0]       ; LEDG[0]     ; 6.559 ; 6.559 ; 6.559 ; 6.559 ;
; A[0]       ; LEDG[1]     ; 6.893 ; 6.893 ; 6.893 ; 6.893 ;
; A[0]       ; LEDG[2]     ; 6.991 ; 6.991 ; 6.991 ; 6.991 ;
; A[0]       ; LEDG[3]     ; 6.209 ; 6.209 ; 6.209 ; 6.209 ;
; A[0]       ; LEDG[4]     ; 5.832 ; 5.832 ; 5.832 ; 5.832 ;
; A[0]       ; LEDG[5]     ; 6.111 ; 6.111 ; 6.111 ; 6.111 ;
; A[0]       ; LEDG[6]     ; 6.046 ; 6.046 ; 6.046 ; 6.046 ;
; A[0]       ; LEDG[7]     ; 6.625 ; 6.625 ; 6.625 ; 6.625 ;
; A[0]       ; LEDR[0]     ; 5.154 ; 5.154 ; 5.154 ; 5.154 ;
; A[0]       ; LEDR[1]     ; 7.886 ; 7.886 ; 7.886 ; 7.886 ;
; A[1]       ; LEDG[0]     ; 6.654 ; 6.654 ; 6.654 ; 6.654 ;
; A[1]       ; LEDG[1]     ; 6.988 ; 6.988 ; 6.988 ; 6.988 ;
; A[1]       ; LEDG[2]     ; 7.086 ; 7.086 ; 7.086 ; 7.086 ;
; A[1]       ; LEDG[3]     ; 6.256 ; 6.256 ; 6.256 ; 6.256 ;
; A[1]       ; LEDG[4]     ; 5.621 ; 5.621 ; 5.621 ; 5.621 ;
; A[1]       ; LEDG[5]     ; 5.900 ; 5.900 ; 5.900 ; 5.900 ;
; A[1]       ; LEDG[6]     ; 5.835 ; 5.835 ; 5.835 ; 5.835 ;
; A[1]       ; LEDG[7]     ; 6.414 ; 6.414 ; 6.414 ; 6.414 ;
; A[1]       ; LEDR[0]     ; 4.566 ; 4.566 ; 4.566 ; 4.566 ;
; A[1]       ; LEDR[1]     ; 7.981 ; 7.981 ; 7.981 ; 7.981 ;
; A[2]       ; LEDG[0]     ; 6.847 ; 6.847 ; 6.847 ; 6.847 ;
; A[2]       ; LEDG[1]     ; 7.181 ; 7.181 ; 7.181 ; 7.181 ;
; A[2]       ; LEDG[2]     ; 7.279 ; 7.279 ; 7.279 ; 7.279 ;
; A[2]       ; LEDG[3]     ; 6.449 ; 6.449 ; 6.449 ; 6.449 ;
; A[2]       ; LEDG[4]     ; 5.730 ; 5.730 ; 5.730 ; 5.730 ;
; A[2]       ; LEDG[5]     ; 6.009 ; 6.009 ; 6.009 ; 6.009 ;
; A[2]       ; LEDG[6]     ; 5.944 ; 5.944 ; 5.944 ; 5.944 ;
; A[2]       ; LEDG[7]     ; 6.523 ; 6.523 ; 6.523 ; 6.523 ;
; A[2]       ; LEDR[0]     ; 4.333 ; 4.333 ; 4.333 ; 4.333 ;
; A[2]       ; LEDR[1]     ; 8.174 ; 8.174 ; 8.174 ; 8.174 ;
; A[3]       ; LEDG[0]     ; 6.541 ; 6.541 ; 6.541 ; 6.541 ;
; A[3]       ; LEDG[1]     ; 6.875 ; 6.875 ; 6.875 ; 6.875 ;
; A[3]       ; LEDG[2]     ; 6.973 ; 6.973 ; 6.973 ; 6.973 ;
; A[3]       ; LEDG[3]     ; 6.143 ; 6.143 ; 6.143 ; 6.143 ;
; A[3]       ; LEDG[4]     ; 4.689 ; 4.689 ; 4.689 ; 4.689 ;
; A[3]       ; LEDG[5]     ; 4.968 ; 4.968 ; 4.968 ; 4.968 ;
; A[3]       ; LEDG[6]     ; 4.903 ; 4.903 ; 4.903 ; 4.903 ;
; A[3]       ; LEDG[7]     ; 5.482 ; 5.482 ; 5.482 ; 5.482 ;
; A[3]       ; LEDR[0]     ; 3.400 ; 3.400 ; 3.400 ; 3.400 ;
; A[3]       ; LEDR[1]     ; 7.868 ; 7.868 ; 7.868 ; 7.868 ;
; B[0]       ; LEDG[0]     ; 6.061 ; 6.061 ; 6.061 ; 6.061 ;
; B[0]       ; LEDG[1]     ; 6.395 ; 6.395 ; 6.395 ; 6.395 ;
; B[0]       ; LEDG[2]     ; 6.493 ; 6.493 ; 6.493 ; 6.493 ;
; B[0]       ; LEDG[3]     ; 5.663 ; 5.663 ; 5.663 ; 5.663 ;
; B[0]       ; LEDG[4]     ; 5.101 ; 5.101 ; 5.101 ; 5.101 ;
; B[0]       ; LEDG[5]     ; 5.380 ; 5.380 ; 5.380 ; 5.380 ;
; B[0]       ; LEDG[6]     ; 5.315 ; 5.315 ; 5.315 ; 5.315 ;
; B[0]       ; LEDG[7]     ; 5.894 ; 5.894 ; 5.894 ; 5.894 ;
; B[0]       ; LEDR[0]     ; 4.168 ; 4.168 ; 4.168 ; 4.168 ;
; B[0]       ; LEDR[1]     ; 7.388 ; 7.388 ; 7.388 ; 7.388 ;
; B[1]       ; LEDG[0]     ; 6.296 ; 6.296 ; 6.296 ; 6.296 ;
; B[1]       ; LEDG[1]     ; 6.630 ; 6.630 ; 6.630 ; 6.630 ;
; B[1]       ; LEDG[2]     ; 6.728 ; 6.728 ; 6.728 ; 6.728 ;
; B[1]       ; LEDG[3]     ; 5.898 ; 5.898 ; 5.898 ; 5.898 ;
; B[1]       ; LEDG[4]     ; 5.086 ; 5.086 ; 5.086 ; 5.086 ;
; B[1]       ; LEDG[5]     ; 5.365 ; 5.365 ; 5.365 ; 5.365 ;
; B[1]       ; LEDG[6]     ; 5.300 ; 5.300 ; 5.300 ; 5.300 ;
; B[1]       ; LEDG[7]     ; 5.879 ; 5.879 ; 5.879 ; 5.879 ;
; B[1]       ; LEDR[0]     ; 4.215 ; 4.215 ; 4.215 ; 4.215 ;
; B[1]       ; LEDR[1]     ; 7.623 ; 7.623 ; 7.623 ; 7.623 ;
; B[2]       ; LEDG[0]     ; 7.469 ; 7.469 ; 7.469 ; 7.469 ;
; B[2]       ; LEDG[1]     ; 7.803 ; 7.803 ; 7.803 ; 7.803 ;
; B[2]       ; LEDG[2]     ; 7.901 ; 7.901 ; 7.901 ; 7.901 ;
; B[2]       ; LEDG[3]     ; 7.071 ; 7.071 ; 7.071 ; 7.071 ;
; B[2]       ; LEDG[4]     ; 5.674 ; 5.674 ; 5.674 ; 5.674 ;
; B[2]       ; LEDG[5]     ; 5.953 ; 5.953 ; 5.953 ; 5.953 ;
; B[2]       ; LEDG[6]     ; 5.888 ; 5.888 ; 5.888 ; 5.888 ;
; B[2]       ; LEDG[7]     ; 6.467 ; 6.467 ; 6.467 ; 6.467 ;
; B[2]       ; LEDR[0]     ; 4.815 ; 4.815 ; 4.815 ; 4.815 ;
; B[2]       ; LEDR[1]     ; 8.796 ; 8.796 ; 8.796 ; 8.796 ;
; B[3]       ; LEDG[0]     ; 7.273 ; 7.273 ; 7.273 ; 7.273 ;
; B[3]       ; LEDG[1]     ; 7.607 ; 7.607 ; 7.607 ; 7.607 ;
; B[3]       ; LEDG[2]     ; 7.705 ; 7.705 ; 7.705 ; 7.705 ;
; B[3]       ; LEDG[3]     ; 6.875 ; 6.875 ; 6.875 ; 6.875 ;
; B[3]       ; LEDG[4]     ; 4.794 ; 4.794 ; 4.794 ; 4.794 ;
; B[3]       ; LEDG[5]     ; 5.140 ; 5.140 ; 5.140 ; 5.140 ;
; B[3]       ; LEDG[6]     ; 4.995 ; 4.995 ; 4.995 ; 4.995 ;
; B[3]       ; LEDG[7]     ; 5.574 ;       ;       ; 5.574 ;
; B[3]       ; LEDR[0]     ; 4.604 ; 4.604 ; 4.604 ; 4.604 ;
; B[3]       ; LEDR[1]     ; 8.600 ; 8.600 ; 8.600 ; 8.600 ;
; S[0]       ; LEDG[0]     ; 4.795 ; 4.795 ; 4.795 ; 4.795 ;
; S[0]       ; LEDG[1]     ; 5.450 ; 5.450 ; 5.450 ; 5.450 ;
; S[0]       ; LEDG[2]     ; 5.440 ; 5.440 ; 5.440 ; 5.440 ;
; S[0]       ; LEDG[3]     ; 6.065 ; 6.065 ; 6.065 ; 6.065 ;
; S[0]       ; LEDG[4]     ;       ; 4.941 ; 4.941 ;       ;
; S[0]       ; LEDG[5]     ;       ; 4.920 ; 4.920 ;       ;
; S[0]       ; LEDG[6]     ;       ; 4.666 ; 4.666 ;       ;
; S[0]       ; LEDG[7]     ;       ; 4.371 ; 4.371 ;       ;
; S[0]       ; LEDR[0]     ; 5.010 ; 5.010 ; 5.010 ; 5.010 ;
; S[0]       ; LEDR[1]     ; 6.335 ; 6.335 ; 6.335 ; 6.335 ;
; S[1]       ; LEDG[0]     ; 5.041 ; 5.041 ; 5.041 ; 5.041 ;
; S[1]       ; LEDG[1]     ; 5.354 ; 5.354 ; 5.354 ; 5.354 ;
; S[1]       ; LEDG[2]     ; 5.452 ; 5.452 ; 5.452 ; 5.452 ;
; S[1]       ; LEDG[3]     ; 6.051 ; 6.051 ; 6.051 ; 6.051 ;
; S[1]       ; LEDG[4]     ;       ; 4.834 ; 4.834 ;       ;
; S[1]       ; LEDG[5]     ;       ; 4.813 ; 4.813 ;       ;
; S[1]       ; LEDG[6]     ;       ; 4.559 ; 4.559 ;       ;
; S[1]       ; LEDG[7]     ;       ; 4.257 ; 4.257 ;       ;
; S[1]       ; LEDR[0]     ; 4.996 ; 4.996 ; 4.996 ; 4.996 ;
; S[1]       ; LEDR[1]     ; 6.347 ; 6.347 ; 6.347 ; 6.347 ;
; S[2]       ; LEDG[0]     ; 4.630 ; 4.538 ; 4.538 ; 4.630 ;
; S[2]       ; LEDG[1]     ; 5.246 ; 5.246 ; 5.246 ; 5.246 ;
; S[2]       ; LEDG[2]     ; 5.230 ; 5.230 ; 5.230 ; 5.230 ;
; S[2]       ; LEDG[3]     ; 5.680 ; 5.680 ; 5.680 ; 5.680 ;
; S[2]       ; LEDR[0]     ; 4.625 ; 4.625 ; 4.625 ; 4.625 ;
; S[2]       ; LEDR[1]     ; 6.125 ; 6.125 ; 6.125 ; 6.125 ;
; S[3]       ; LEDG[0]     ; 6.479 ; 6.479 ; 6.479 ; 6.479 ;
; S[3]       ; LEDG[1]     ; 7.660 ; 7.660 ; 7.660 ; 7.660 ;
; S[3]       ; LEDG[2]     ; 7.644 ; 7.644 ; 7.644 ; 7.644 ;
; S[3]       ; LEDG[3]     ; 7.578 ; 7.701 ; 7.701 ; 7.578 ;
; S[3]       ; LEDG[4]     ; 7.159 ;       ;       ; 7.159 ;
; S[3]       ; LEDG[5]     ; 7.138 ;       ;       ; 7.138 ;
; S[3]       ; LEDG[6]     ; 6.884 ;       ;       ; 6.884 ;
; S[3]       ; LEDG[7]     ; 6.587 ;       ;       ; 6.587 ;
; S[3]       ; LEDR[1]     ; 8.539 ; 8.539 ; 8.539 ; 8.539 ;
+------------+-------------+-------+-------+-------+-------+


+----------------------------------------------------------+
; Minimum Propagation Delay                                ;
+------------+-------------+-------+-------+-------+-------+
; Input Port ; Output Port ; RR    ; RF    ; FR    ; FF    ;
+------------+-------------+-------+-------+-------+-------+
; A[0]       ; LEDG[0]     ; 4.567 ; 4.567 ; 4.567 ; 4.567 ;
; A[0]       ; LEDG[1]     ; 5.457 ; 5.457 ; 5.457 ; 5.457 ;
; A[0]       ; LEDG[2]     ; 5.584 ; 5.584 ; 5.584 ; 5.584 ;
; A[0]       ; LEDG[3]     ; 4.848 ; 4.848 ; 4.848 ; 4.848 ;
; A[0]       ; LEDG[4]     ; 4.622 ; 4.622 ; 4.622 ; 4.622 ;
; A[0]       ; LEDG[5]     ; 5.024 ; 5.024 ; 5.024 ; 5.024 ;
; A[0]       ; LEDG[6]     ; 4.879 ; 4.879 ; 4.879 ; 4.879 ;
; A[0]       ; LEDG[7]     ; 5.458 ; 5.926 ; 5.926 ; 5.458 ;
; A[0]       ; LEDR[0]     ; 5.154 ; 5.154 ; 5.154 ; 5.154 ;
; A[0]       ; LEDR[1]     ; 4.609 ; 4.609 ; 4.609 ; 4.609 ;
; A[1]       ; LEDG[0]     ; 5.163 ; 5.436 ; 5.436 ; 5.163 ;
; A[1]       ; LEDG[1]     ; 4.803 ; 4.803 ; 4.803 ; 4.803 ;
; A[1]       ; LEDG[2]     ; 4.996 ; 4.996 ; 4.996 ; 4.996 ;
; A[1]       ; LEDG[3]     ; 4.834 ; 4.834 ; 4.834 ; 4.834 ;
; A[1]       ; LEDG[4]     ; 4.359 ; 4.359 ; 4.359 ; 4.359 ;
; A[1]       ; LEDG[5]     ; 4.411 ; 4.411 ; 4.411 ; 4.411 ;
; A[1]       ; LEDG[6]     ; 4.266 ; 4.266 ; 4.266 ; 4.266 ;
; A[1]       ; LEDG[7]     ; 4.845 ; 5.424 ; 5.424 ; 4.845 ;
; A[1]       ; LEDR[0]     ; 4.566 ; 4.566 ; 4.566 ; 4.566 ;
; A[1]       ; LEDR[1]     ; 4.346 ; 4.346 ; 4.346 ; 4.346 ;
; A[2]       ; LEDG[0]     ; 4.999 ; 5.678 ; 5.678 ; 4.999 ;
; A[2]       ; LEDG[1]     ; 4.994 ; 5.126 ; 5.126 ; 4.994 ;
; A[2]       ; LEDG[2]     ; 4.671 ; 4.931 ; 4.931 ; 4.671 ;
; A[2]       ; LEDG[3]     ; 5.156 ; 5.156 ; 5.156 ; 5.156 ;
; A[2]       ; LEDG[4]     ; 4.556 ; 4.556 ; 4.556 ; 4.556 ;
; A[2]       ; LEDG[5]     ; 4.464 ; 4.464 ; 4.464 ; 4.464 ;
; A[2]       ; LEDG[6]     ; 4.178 ; 4.178 ; 4.178 ; 4.178 ;
; A[2]       ; LEDG[7]     ; 4.757 ; 5.269 ; 5.269 ; 4.757 ;
; A[2]       ; LEDR[0]     ; 4.333 ; 4.333 ; 4.333 ; 4.333 ;
; A[2]       ; LEDR[1]     ; 4.543 ; 4.543 ; 4.543 ; 4.543 ;
; A[3]       ; LEDG[0]     ; 3.957 ; 4.506 ; 4.506 ; 3.957 ;
; A[3]       ; LEDG[1]     ; 4.171 ; 4.400 ; 4.400 ; 4.171 ;
; A[3]       ; LEDG[2]     ; 4.172 ; 4.557 ; 4.557 ; 4.172 ;
; A[3]       ; LEDG[3]     ; 4.105 ; 4.105 ; 4.105 ; 4.105 ;
; A[3]       ; LEDG[4]     ; 4.150 ; 4.150 ; 4.150 ; 4.150 ;
; A[3]       ; LEDG[5]     ; 3.811 ; 3.811 ; 3.811 ; 3.811 ;
; A[3]       ; LEDG[6]     ; 3.562 ; 3.562 ; 3.562 ; 3.562 ;
; A[3]       ; LEDG[7]     ; 3.978 ; 4.438 ; 4.438 ; 3.978 ;
; A[3]       ; LEDR[0]     ; 3.400 ; 3.400 ; 3.400 ; 3.400 ;
; A[3]       ; LEDR[1]     ; 4.098 ; 4.098 ; 4.098 ; 4.098 ;
; B[0]       ; LEDG[0]     ; 3.889 ; 3.889 ; 3.889 ; 3.889 ;
; B[0]       ; LEDG[1]     ; 4.340 ; 4.214 ; 4.214 ; 4.340 ;
; B[0]       ; LEDG[2]     ; 4.598 ; 3.887 ; 3.887 ; 4.598 ;
; B[0]       ; LEDG[3]     ; 4.624 ; 4.192 ; 4.192 ; 4.624 ;
; B[0]       ; LEDG[4]     ; 4.378 ; 4.378 ; 4.378 ; 4.378 ;
; B[0]       ; LEDG[5]     ; 4.239 ; 4.239 ; 4.239 ; 4.239 ;
; B[0]       ; LEDG[6]     ; 4.102 ; 4.102 ; 4.102 ; 4.102 ;
; B[0]       ; LEDG[7]     ; 4.608 ; 4.866 ; 4.866 ; 4.608 ;
; B[0]       ; LEDR[0]     ; 4.168 ; 4.168 ; 4.168 ; 4.168 ;
; B[0]       ; LEDR[1]     ; 4.354 ; 4.365 ; 4.365 ; 4.354 ;
; B[1]       ; LEDG[0]     ; 4.746 ; 4.528 ; 4.528 ; 4.746 ;
; B[1]       ; LEDG[1]     ; 4.115 ; 4.030 ; 4.030 ; 4.115 ;
; B[1]       ; LEDG[2]     ; 4.316 ; 4.260 ; 4.260 ; 4.316 ;
; B[1]       ; LEDG[3]     ; 4.581 ; 4.104 ; 4.104 ; 4.581 ;
; B[1]       ; LEDG[4]     ; 4.281 ; 4.281 ; 4.281 ; 4.281 ;
; B[1]       ; LEDG[5]     ; 4.025 ; 4.025 ; 4.025 ; 4.025 ;
; B[1]       ; LEDG[6]     ; 3.888 ; 3.888 ; 3.888 ; 3.888 ;
; B[1]       ; LEDG[7]     ; 4.394 ; 4.652 ; 4.652 ; 4.394 ;
; B[1]       ; LEDR[0]     ; 4.215 ; 4.215 ; 4.215 ; 4.215 ;
; B[1]       ; LEDR[1]     ; 4.266 ; 4.268 ; 4.268 ; 4.266 ;
; B[2]       ; LEDG[0]     ; 5.735 ; 5.308 ; 5.308 ; 5.735 ;
; B[2]       ; LEDG[1]     ; 5.398 ; 5.010 ; 5.010 ; 5.398 ;
; B[2]       ; LEDG[2]     ; 5.213 ; 5.213 ; 5.213 ; 5.213 ;
; B[2]       ; LEDG[3]     ; 5.114 ; 5.114 ; 5.114 ; 5.114 ;
; B[2]       ; LEDG[4]     ; 4.808 ; 4.808 ; 4.808 ; 4.808 ;
; B[2]       ; LEDG[5]     ; 4.582 ; 4.582 ; 4.582 ; 4.582 ;
; B[2]       ; LEDG[6]     ; 4.444 ; 4.444 ; 4.444 ; 4.444 ;
; B[2]       ; LEDG[7]     ; 4.950 ; 5.209 ; 5.209 ; 4.950 ;
; B[2]       ; LEDR[0]     ; 4.815 ; 4.815 ; 4.815 ; 4.815 ;
; B[2]       ; LEDR[1]     ; 4.795 ; 4.795 ; 4.795 ; 4.795 ;
; B[3]       ; LEDG[0]     ; 5.620 ; 5.073 ; 5.073 ; 5.620 ;
; B[3]       ; LEDG[1]     ; 5.329 ; 5.021 ; 5.021 ; 5.329 ;
; B[3]       ; LEDG[2]     ; 5.664 ; 5.237 ; 5.237 ; 5.664 ;
; B[3]       ; LEDG[3]     ; 4.932 ; 4.932 ; 4.932 ; 4.932 ;
; B[3]       ; LEDG[4]     ; 4.738 ; 4.738 ; 4.738 ; 4.738 ;
; B[3]       ; LEDG[5]     ; 4.764 ; 4.764 ; 4.764 ; 4.764 ;
; B[3]       ; LEDG[6]     ; 4.505 ; 4.505 ; 4.505 ; 4.505 ;
; B[3]       ; LEDG[7]     ; 4.866 ;       ;       ; 4.866 ;
; B[3]       ; LEDR[0]     ; 4.604 ; 4.604 ; 4.604 ; 4.604 ;
; B[3]       ; LEDR[1]     ; 4.725 ; 4.725 ; 4.725 ; 4.725 ;
; S[0]       ; LEDG[0]     ; 4.396 ; 4.396 ; 4.396 ; 4.396 ;
; S[0]       ; LEDG[1]     ; 4.763 ; 4.763 ; 4.763 ; 4.763 ;
; S[0]       ; LEDG[2]     ; 4.879 ; 4.879 ; 4.879 ; 4.879 ;
; S[0]       ; LEDG[3]     ; 4.946 ; 4.946 ; 4.946 ; 4.946 ;
; S[0]       ; LEDG[4]     ;       ; 4.941 ; 4.941 ;       ;
; S[0]       ; LEDG[5]     ;       ; 4.920 ; 4.920 ;       ;
; S[0]       ; LEDG[6]     ;       ; 4.666 ; 4.666 ;       ;
; S[0]       ; LEDG[7]     ;       ; 4.371 ; 4.371 ;       ;
; S[0]       ; LEDR[0]     ; 4.609 ; 4.609 ; 4.609 ; 4.609 ;
; S[0]       ; LEDR[1]     ; 4.928 ; 5.108 ; 5.108 ; 4.928 ;
; S[1]       ; LEDG[0]     ; 4.547 ; 4.547 ; 4.547 ; 4.547 ;
; S[1]       ; LEDG[1]     ; 4.855 ; 4.855 ; 4.855 ; 4.855 ;
; S[1]       ; LEDG[2]     ; 4.756 ; 4.756 ; 4.756 ; 4.756 ;
; S[1]       ; LEDG[3]     ; 4.825 ; 4.825 ; 4.825 ; 4.825 ;
; S[1]       ; LEDG[4]     ;       ; 4.834 ; 4.834 ;       ;
; S[1]       ; LEDG[5]     ;       ; 4.813 ; 4.813 ;       ;
; S[1]       ; LEDG[6]     ;       ; 4.559 ; 4.559 ;       ;
; S[1]       ; LEDG[7]     ;       ; 4.257 ; 4.257 ;       ;
; S[1]       ; LEDR[0]     ; 4.506 ; 4.506 ; 4.506 ; 4.506 ;
; S[1]       ; LEDR[1]     ; 4.821 ; 4.987 ; 4.987 ; 4.821 ;
; S[2]       ; LEDG[0]     ; 4.538 ; 4.538 ; 4.538 ; 4.538 ;
; S[2]       ; LEDG[1]     ; 4.954 ; 4.954 ; 4.954 ; 4.954 ;
; S[2]       ; LEDG[2]     ; 4.814 ; 4.814 ; 4.814 ; 4.814 ;
; S[2]       ; LEDG[3]     ; 5.104 ; 4.698 ; 4.698 ; 5.104 ;
; S[2]       ; LEDR[0]     ; 4.231 ; 4.336 ; 4.336 ; 4.231 ;
; S[2]       ; LEDR[1]     ; 4.860 ; 5.266 ; 5.266 ; 4.860 ;
; S[3]       ; LEDG[0]     ; 6.479 ; 6.479 ; 6.479 ; 6.479 ;
; S[3]       ; LEDG[1]     ; 7.037 ; 7.037 ; 7.037 ; 7.037 ;
; S[3]       ; LEDG[2]     ; 7.017 ; 7.017 ; 7.017 ; 7.017 ;
; S[3]       ; LEDG[3]     ; 7.317 ; 6.927 ; 6.927 ; 7.317 ;
; S[3]       ; LEDG[4]     ; 7.159 ;       ;       ; 7.159 ;
; S[3]       ; LEDG[5]     ; 7.138 ;       ;       ; 7.138 ;
; S[3]       ; LEDG[6]     ; 6.884 ;       ;       ; 6.884 ;
; S[3]       ; LEDG[7]     ; 6.587 ;       ;       ; 6.587 ;
; S[3]       ; LEDR[1]     ; 7.089 ; 7.146 ; 7.146 ; 7.089 ;
+------------+-------------+-------+-------+-------+-------+


+----------------------------------------------------------------------------+
; Multicorner Timing Analysis Summary                                        ;
+------------------+-------+------+----------+---------+---------------------+
; Clock            ; Setup ; Hold ; Recovery ; Removal ; Minimum Pulse Width ;
+------------------+-------+------+----------+---------+---------------------+
; Worst-case Slack ; N/A   ; N/A  ; N/A      ; N/A     ; N/A                 ;
; Design-wide TNS  ; 0.0   ; 0.0  ; 0.0      ; 0.0     ; 0.0                 ;
+------------------+-------+------+----------+---------+---------------------+


+--------------------------------------------------------------+
; Progagation Delay                                            ;
+------------+-------------+--------+--------+--------+--------+
; Input Port ; Output Port ; RR     ; RF     ; FR     ; FF     ;
+------------+-------------+--------+--------+--------+--------+
; A[0]       ; LEDG[0]     ; 13.529 ; 13.529 ; 13.529 ; 13.529 ;
; A[0]       ; LEDG[1]     ; 14.431 ; 14.431 ; 14.431 ; 14.431 ;
; A[0]       ; LEDG[2]     ; 14.645 ; 14.645 ; 14.645 ; 14.645 ;
; A[0]       ; LEDG[3]     ; 12.792 ; 12.792 ; 12.792 ; 12.792 ;
; A[0]       ; LEDG[4]     ; 11.851 ; 11.851 ; 11.851 ; 11.851 ;
; A[0]       ; LEDG[5]     ; 12.510 ; 12.510 ; 12.510 ; 12.510 ;
; A[0]       ; LEDG[6]     ; 12.283 ; 12.283 ; 12.283 ; 12.283 ;
; A[0]       ; LEDG[7]     ; 13.741 ; 13.741 ; 13.741 ; 13.741 ;
; A[0]       ; LEDR[0]     ; 10.223 ; 10.223 ; 10.223 ; 10.223 ;
; A[0]       ; LEDR[1]     ; 16.662 ; 16.662 ; 16.662 ; 16.662 ;
; A[1]       ; LEDG[0]     ; 13.849 ; 13.849 ; 13.849 ; 13.849 ;
; A[1]       ; LEDG[1]     ; 14.751 ; 14.751 ; 14.751 ; 14.751 ;
; A[1]       ; LEDG[2]     ; 14.965 ; 14.965 ; 14.965 ; 14.965 ;
; A[1]       ; LEDG[3]     ; 12.820 ; 12.820 ; 12.820 ; 12.820 ;
; A[1]       ; LEDG[4]     ; 11.457 ; 11.457 ; 11.457 ; 11.457 ;
; A[1]       ; LEDG[5]     ; 12.116 ; 12.116 ; 12.116 ; 12.116 ;
; A[1]       ; LEDG[6]     ; 11.889 ; 11.889 ; 11.889 ; 11.889 ;
; A[1]       ; LEDG[7]     ; 13.347 ; 13.347 ; 13.347 ; 13.347 ;
; A[1]       ; LEDR[0]     ; 8.900  ; 8.900  ; 8.900  ; 8.900  ;
; A[1]       ; LEDR[1]     ; 16.982 ; 16.982 ; 16.982 ; 16.982 ;
; A[2]       ; LEDG[0]     ; 14.238 ; 14.238 ; 14.238 ; 14.238 ;
; A[2]       ; LEDG[1]     ; 15.140 ; 15.140 ; 15.140 ; 15.140 ;
; A[2]       ; LEDG[2]     ; 15.354 ; 15.354 ; 15.354 ; 15.354 ;
; A[2]       ; LEDG[3]     ; 13.209 ; 13.209 ; 13.209 ; 13.209 ;
; A[2]       ; LEDG[4]     ; 11.651 ; 11.651 ; 11.651 ; 11.651 ;
; A[2]       ; LEDG[5]     ; 12.310 ; 12.310 ; 12.310 ; 12.310 ;
; A[2]       ; LEDG[6]     ; 12.083 ; 12.083 ; 12.083 ; 12.083 ;
; A[2]       ; LEDG[7]     ; 13.541 ; 13.541 ; 13.541 ; 13.541 ;
; A[2]       ; LEDR[0]     ; 8.308  ; 8.308  ; 8.308  ; 8.308  ;
; A[2]       ; LEDR[1]     ; 17.371 ; 17.371 ; 17.371 ; 17.371 ;
; A[3]       ; LEDG[0]     ; 13.743 ; 13.743 ; 13.743 ; 13.743 ;
; A[3]       ; LEDG[1]     ; 14.645 ; 14.645 ; 14.645 ; 14.645 ;
; A[3]       ; LEDG[2]     ; 14.859 ; 14.859 ; 14.859 ; 14.859 ;
; A[3]       ; LEDG[3]     ; 12.714 ; 12.714 ; 12.714 ; 12.714 ;
; A[3]       ; LEDG[4]     ; 9.570  ; 9.570  ; 9.570  ; 9.570  ;
; A[3]       ; LEDG[5]     ; 10.229 ; 10.229 ; 10.229 ; 10.229 ;
; A[3]       ; LEDG[6]     ; 10.002 ; 10.002 ; 10.002 ; 10.002 ;
; A[3]       ; LEDG[7]     ; 11.460 ; 11.460 ; 11.460 ; 11.460 ;
; A[3]       ; LEDR[0]     ; 6.496  ; 6.496  ; 6.496  ; 6.496  ;
; A[3]       ; LEDR[1]     ; 16.876 ; 16.876 ; 16.876 ; 16.876 ;
; B[0]       ; LEDG[0]     ; 12.773 ; 12.773 ; 12.773 ; 12.773 ;
; B[0]       ; LEDG[1]     ; 13.675 ; 13.675 ; 13.675 ; 13.675 ;
; B[0]       ; LEDG[2]     ; 13.889 ; 13.889 ; 13.889 ; 13.889 ;
; B[0]       ; LEDG[3]     ; 11.744 ; 11.744 ; 11.744 ; 11.744 ;
; B[0]       ; LEDG[4]     ; 10.524 ; 10.524 ; 10.524 ; 10.524 ;
; B[0]       ; LEDG[5]     ; 11.183 ; 11.183 ; 11.183 ; 11.183 ;
; B[0]       ; LEDG[6]     ; 10.956 ; 10.956 ; 10.956 ; 10.956 ;
; B[0]       ; LEDG[7]     ; 12.414 ; 12.414 ; 12.414 ; 12.414 ;
; B[0]       ; LEDR[0]     ; 8.322  ; 8.322  ; 8.322  ; 8.322  ;
; B[0]       ; LEDR[1]     ; 15.906 ; 15.906 ; 15.906 ; 15.906 ;
; B[1]       ; LEDG[0]     ; 13.273 ; 13.273 ; 13.273 ; 13.273 ;
; B[1]       ; LEDG[1]     ; 14.175 ; 14.175 ; 14.175 ; 14.175 ;
; B[1]       ; LEDG[2]     ; 14.389 ; 14.389 ; 14.389 ; 14.389 ;
; B[1]       ; LEDG[3]     ; 12.244 ; 12.244 ; 12.244 ; 12.244 ;
; B[1]       ; LEDG[4]     ; 10.487 ; 10.487 ; 10.487 ; 10.487 ;
; B[1]       ; LEDG[5]     ; 11.146 ; 11.146 ; 11.146 ; 11.146 ;
; B[1]       ; LEDG[6]     ; 10.919 ; 10.919 ; 10.919 ; 10.919 ;
; B[1]       ; LEDG[7]     ; 12.377 ; 12.377 ; 12.377 ; 12.377 ;
; B[1]       ; LEDR[0]     ; 8.397  ; 8.397  ; 8.397  ; 8.397  ;
; B[1]       ; LEDR[1]     ; 16.406 ; 16.406 ; 16.406 ; 16.406 ;
; B[2]       ; LEDG[0]     ; 15.367 ; 15.367 ; 15.367 ; 15.367 ;
; B[2]       ; LEDG[1]     ; 16.269 ; 16.269 ; 16.269 ; 16.269 ;
; B[2]       ; LEDG[2]     ; 16.483 ; 16.483 ; 16.483 ; 16.483 ;
; B[2]       ; LEDG[3]     ; 14.338 ; 14.338 ; 14.338 ; 14.338 ;
; B[2]       ; LEDG[4]     ; 11.302 ; 11.302 ; 11.302 ; 11.302 ;
; B[2]       ; LEDG[5]     ; 11.961 ; 11.961 ; 11.961 ; 11.961 ;
; B[2]       ; LEDG[6]     ; 11.734 ; 11.734 ; 11.734 ; 11.734 ;
; B[2]       ; LEDG[7]     ; 13.192 ; 13.192 ; 13.192 ; 13.192 ;
; B[2]       ; LEDR[0]     ; 9.212  ; 9.212  ; 9.212  ; 9.212  ;
; B[2]       ; LEDR[1]     ; 18.500 ; 18.500 ; 18.500 ; 18.500 ;
; B[3]       ; LEDG[0]     ; 14.944 ; 14.944 ; 14.944 ; 14.944 ;
; B[3]       ; LEDG[1]     ; 15.846 ; 15.846 ; 15.846 ; 15.846 ;
; B[3]       ; LEDG[2]     ; 16.060 ; 16.060 ; 16.060 ; 16.060 ;
; B[3]       ; LEDG[3]     ; 13.915 ; 13.915 ; 13.915 ; 13.915 ;
; B[3]       ; LEDG[4]     ; 9.180  ; 9.180  ; 9.180  ; 9.180  ;
; B[3]       ; LEDG[5]     ; 10.000 ; 10.000 ; 10.000 ; 10.000 ;
; B[3]       ; LEDG[6]     ; 9.628  ; 9.628  ; 9.628  ; 9.628  ;
; B[3]       ; LEDG[7]     ; 11.086 ;        ;        ; 11.086 ;
; B[3]       ; LEDR[0]     ; 8.657  ; 8.657  ; 8.657  ; 8.657  ;
; B[3]       ; LEDR[1]     ; 18.077 ; 18.077 ; 18.077 ; 18.077 ;
; S[0]       ; LEDG[0]     ; 9.426  ; 9.426  ; 9.426  ; 9.426  ;
; S[0]       ; LEDG[1]     ; 10.993 ; 10.993 ; 10.993 ; 10.993 ;
; S[0]       ; LEDG[2]     ; 11.002 ; 11.002 ; 11.002 ; 11.002 ;
; S[0]       ; LEDG[3]     ; 12.464 ; 12.464 ; 12.464 ; 12.464 ;
; S[0]       ; LEDG[4]     ;        ; 9.755  ; 9.755  ;        ;
; S[0]       ; LEDG[5]     ;        ; 9.724  ; 9.724  ;        ;
; S[0]       ; LEDG[6]     ;        ; 9.069  ; 9.069  ;        ;
; S[0]       ; LEDG[7]     ;        ; 8.532  ; 8.532  ;        ;
; S[0]       ; LEDR[0]     ; 9.895  ; 9.895  ; 9.895  ; 9.895  ;
; S[0]       ; LEDR[1]     ; 13.019 ; 13.019 ; 13.019 ; 13.019 ;
; S[1]       ; LEDG[0]     ; 10.014 ; 10.014 ; 10.014 ; 10.014 ;
; S[1]       ; LEDG[1]     ; 10.866 ; 10.866 ; 10.866 ; 10.866 ;
; S[1]       ; LEDG[2]     ; 11.080 ; 11.080 ; 11.080 ; 11.080 ;
; S[1]       ; LEDG[3]     ; 12.477 ; 12.477 ; 12.477 ; 12.477 ;
; S[1]       ; LEDG[4]     ;        ; 9.560  ; 9.560  ;        ;
; S[1]       ; LEDG[5]     ;        ; 9.529  ; 9.529  ;        ;
; S[1]       ; LEDG[6]     ;        ; 8.874  ; 8.874  ;        ;
; S[1]       ; LEDG[7]     ;        ; 8.328  ; 8.328  ;        ;
; S[1]       ; LEDR[0]     ; 9.908  ; 9.908  ; 9.908  ; 9.908  ;
; S[1]       ; LEDR[1]     ; 13.097 ; 13.097 ; 13.097 ; 13.097 ;
; S[2]       ; LEDG[0]     ; 9.004  ; 8.803  ; 8.803  ; 9.004  ;
; S[2]       ; LEDG[1]     ; 10.491 ; 10.491 ; 10.491 ; 10.491 ;
; S[2]       ; LEDG[2]     ; 10.478 ; 10.478 ; 10.478 ; 10.478 ;
; S[2]       ; LEDG[3]     ; 11.624 ; 11.624 ; 11.624 ; 11.624 ;
; S[2]       ; LEDR[0]     ; 9.055  ; 9.055  ; 9.055  ; 9.055  ;
; S[2]       ; LEDR[1]     ; 12.495 ; 12.495 ; 12.495 ; 12.495 ;
; S[3]       ; LEDG[0]     ; 11.705 ; 11.705 ; 11.705 ; 11.705 ;
; S[3]       ; LEDG[1]     ; 14.480 ; 14.480 ; 14.480 ; 14.480 ;
; S[3]       ; LEDG[2]     ; 14.467 ; 14.467 ; 14.467 ; 14.467 ;
; S[3]       ; LEDG[3]     ; 14.239 ; 14.605 ; 14.605 ; 14.239 ;
; S[3]       ; LEDG[4]     ; 13.279 ;        ;        ; 13.279 ;
; S[3]       ; LEDG[5]     ; 13.248 ;        ;        ; 13.248 ;
; S[3]       ; LEDG[6]     ; 12.593 ;        ;        ; 12.593 ;
; S[3]       ; LEDG[7]     ; 12.022 ;        ;        ; 12.022 ;
; S[3]       ; LEDR[1]     ; 16.484 ; 16.484 ; 16.484 ; 16.484 ;
+------------+-------------+--------+--------+--------+--------+


+----------------------------------------------------------+
; Minimum Progagation Delay                                ;
+------------+-------------+-------+-------+-------+-------+
; Input Port ; Output Port ; RR    ; RF    ; FR    ; FF    ;
+------------+-------------+-------+-------+-------+-------+
; A[0]       ; LEDG[0]     ; 4.567 ; 4.567 ; 4.567 ; 4.567 ;
; A[0]       ; LEDG[1]     ; 5.457 ; 5.457 ; 5.457 ; 5.457 ;
; A[0]       ; LEDG[2]     ; 5.584 ; 5.584 ; 5.584 ; 5.584 ;
; A[0]       ; LEDG[3]     ; 4.848 ; 4.848 ; 4.848 ; 4.848 ;
; A[0]       ; LEDG[4]     ; 4.622 ; 4.622 ; 4.622 ; 4.622 ;
; A[0]       ; LEDG[5]     ; 5.024 ; 5.024 ; 5.024 ; 5.024 ;
; A[0]       ; LEDG[6]     ; 4.879 ; 4.879 ; 4.879 ; 4.879 ;
; A[0]       ; LEDG[7]     ; 5.458 ; 5.926 ; 5.926 ; 5.458 ;
; A[0]       ; LEDR[0]     ; 5.154 ; 5.154 ; 5.154 ; 5.154 ;
; A[0]       ; LEDR[1]     ; 4.609 ; 4.609 ; 4.609 ; 4.609 ;
; A[1]       ; LEDG[0]     ; 5.163 ; 5.436 ; 5.436 ; 5.163 ;
; A[1]       ; LEDG[1]     ; 4.803 ; 4.803 ; 4.803 ; 4.803 ;
; A[1]       ; LEDG[2]     ; 4.996 ; 4.996 ; 4.996 ; 4.996 ;
; A[1]       ; LEDG[3]     ; 4.834 ; 4.834 ; 4.834 ; 4.834 ;
; A[1]       ; LEDG[4]     ; 4.359 ; 4.359 ; 4.359 ; 4.359 ;
; A[1]       ; LEDG[5]     ; 4.411 ; 4.411 ; 4.411 ; 4.411 ;
; A[1]       ; LEDG[6]     ; 4.266 ; 4.266 ; 4.266 ; 4.266 ;
; A[1]       ; LEDG[7]     ; 4.845 ; 5.424 ; 5.424 ; 4.845 ;
; A[1]       ; LEDR[0]     ; 4.566 ; 4.566 ; 4.566 ; 4.566 ;
; A[1]       ; LEDR[1]     ; 4.346 ; 4.346 ; 4.346 ; 4.346 ;
; A[2]       ; LEDG[0]     ; 4.999 ; 5.678 ; 5.678 ; 4.999 ;
; A[2]       ; LEDG[1]     ; 4.994 ; 5.126 ; 5.126 ; 4.994 ;
; A[2]       ; LEDG[2]     ; 4.671 ; 4.931 ; 4.931 ; 4.671 ;
; A[2]       ; LEDG[3]     ; 5.156 ; 5.156 ; 5.156 ; 5.156 ;
; A[2]       ; LEDG[4]     ; 4.556 ; 4.556 ; 4.556 ; 4.556 ;
; A[2]       ; LEDG[5]     ; 4.464 ; 4.464 ; 4.464 ; 4.464 ;
; A[2]       ; LEDG[6]     ; 4.178 ; 4.178 ; 4.178 ; 4.178 ;
; A[2]       ; LEDG[7]     ; 4.757 ; 5.269 ; 5.269 ; 4.757 ;
; A[2]       ; LEDR[0]     ; 4.333 ; 4.333 ; 4.333 ; 4.333 ;
; A[2]       ; LEDR[1]     ; 4.543 ; 4.543 ; 4.543 ; 4.543 ;
; A[3]       ; LEDG[0]     ; 3.957 ; 4.506 ; 4.506 ; 3.957 ;
; A[3]       ; LEDG[1]     ; 4.171 ; 4.400 ; 4.400 ; 4.171 ;
; A[3]       ; LEDG[2]     ; 4.172 ; 4.557 ; 4.557 ; 4.172 ;
; A[3]       ; LEDG[3]     ; 4.105 ; 4.105 ; 4.105 ; 4.105 ;
; A[3]       ; LEDG[4]     ; 4.150 ; 4.150 ; 4.150 ; 4.150 ;
; A[3]       ; LEDG[5]     ; 3.811 ; 3.811 ; 3.811 ; 3.811 ;
; A[3]       ; LEDG[6]     ; 3.562 ; 3.562 ; 3.562 ; 3.562 ;
; A[3]       ; LEDG[7]     ; 3.978 ; 4.438 ; 4.438 ; 3.978 ;
; A[3]       ; LEDR[0]     ; 3.400 ; 3.400 ; 3.400 ; 3.400 ;
; A[3]       ; LEDR[1]     ; 4.098 ; 4.098 ; 4.098 ; 4.098 ;
; B[0]       ; LEDG[0]     ; 3.889 ; 3.889 ; 3.889 ; 3.889 ;
; B[0]       ; LEDG[1]     ; 4.340 ; 4.214 ; 4.214 ; 4.340 ;
; B[0]       ; LEDG[2]     ; 4.598 ; 3.887 ; 3.887 ; 4.598 ;
; B[0]       ; LEDG[3]     ; 4.624 ; 4.192 ; 4.192 ; 4.624 ;
; B[0]       ; LEDG[4]     ; 4.378 ; 4.378 ; 4.378 ; 4.378 ;
; B[0]       ; LEDG[5]     ; 4.239 ; 4.239 ; 4.239 ; 4.239 ;
; B[0]       ; LEDG[6]     ; 4.102 ; 4.102 ; 4.102 ; 4.102 ;
; B[0]       ; LEDG[7]     ; 4.608 ; 4.866 ; 4.866 ; 4.608 ;
; B[0]       ; LEDR[0]     ; 4.168 ; 4.168 ; 4.168 ; 4.168 ;
; B[0]       ; LEDR[1]     ; 4.354 ; 4.365 ; 4.365 ; 4.354 ;
; B[1]       ; LEDG[0]     ; 4.746 ; 4.528 ; 4.528 ; 4.746 ;
; B[1]       ; LEDG[1]     ; 4.115 ; 4.030 ; 4.030 ; 4.115 ;
; B[1]       ; LEDG[2]     ; 4.316 ; 4.260 ; 4.260 ; 4.316 ;
; B[1]       ; LEDG[3]     ; 4.581 ; 4.104 ; 4.104 ; 4.581 ;
; B[1]       ; LEDG[4]     ; 4.281 ; 4.281 ; 4.281 ; 4.281 ;
; B[1]       ; LEDG[5]     ; 4.025 ; 4.025 ; 4.025 ; 4.025 ;
; B[1]       ; LEDG[6]     ; 3.888 ; 3.888 ; 3.888 ; 3.888 ;
; B[1]       ; LEDG[7]     ; 4.394 ; 4.652 ; 4.652 ; 4.394 ;
; B[1]       ; LEDR[0]     ; 4.215 ; 4.215 ; 4.215 ; 4.215 ;
; B[1]       ; LEDR[1]     ; 4.266 ; 4.268 ; 4.268 ; 4.266 ;
; B[2]       ; LEDG[0]     ; 5.735 ; 5.308 ; 5.308 ; 5.735 ;
; B[2]       ; LEDG[1]     ; 5.398 ; 5.010 ; 5.010 ; 5.398 ;
; B[2]       ; LEDG[2]     ; 5.213 ; 5.213 ; 5.213 ; 5.213 ;
; B[2]       ; LEDG[3]     ; 5.114 ; 5.114 ; 5.114 ; 5.114 ;
; B[2]       ; LEDG[4]     ; 4.808 ; 4.808 ; 4.808 ; 4.808 ;
; B[2]       ; LEDG[5]     ; 4.582 ; 4.582 ; 4.582 ; 4.582 ;
; B[2]       ; LEDG[6]     ; 4.444 ; 4.444 ; 4.444 ; 4.444 ;
; B[2]       ; LEDG[7]     ; 4.950 ; 5.209 ; 5.209 ; 4.950 ;
; B[2]       ; LEDR[0]     ; 4.815 ; 4.815 ; 4.815 ; 4.815 ;
; B[2]       ; LEDR[1]     ; 4.795 ; 4.795 ; 4.795 ; 4.795 ;
; B[3]       ; LEDG[0]     ; 5.620 ; 5.073 ; 5.073 ; 5.620 ;
; B[3]       ; LEDG[1]     ; 5.329 ; 5.021 ; 5.021 ; 5.329 ;
; B[3]       ; LEDG[2]     ; 5.664 ; 5.237 ; 5.237 ; 5.664 ;
; B[3]       ; LEDG[3]     ; 4.932 ; 4.932 ; 4.932 ; 4.932 ;
; B[3]       ; LEDG[4]     ; 4.738 ; 4.738 ; 4.738 ; 4.738 ;
; B[3]       ; LEDG[5]     ; 4.764 ; 4.764 ; 4.764 ; 4.764 ;
; B[3]       ; LEDG[6]     ; 4.505 ; 4.505 ; 4.505 ; 4.505 ;
; B[3]       ; LEDG[7]     ; 4.866 ;       ;       ; 4.866 ;
; B[3]       ; LEDR[0]     ; 4.604 ; 4.604 ; 4.604 ; 4.604 ;
; B[3]       ; LEDR[1]     ; 4.725 ; 4.725 ; 4.725 ; 4.725 ;
; S[0]       ; LEDG[0]     ; 4.396 ; 4.396 ; 4.396 ; 4.396 ;
; S[0]       ; LEDG[1]     ; 4.763 ; 4.763 ; 4.763 ; 4.763 ;
; S[0]       ; LEDG[2]     ; 4.879 ; 4.879 ; 4.879 ; 4.879 ;
; S[0]       ; LEDG[3]     ; 4.946 ; 4.946 ; 4.946 ; 4.946 ;
; S[0]       ; LEDG[4]     ;       ; 4.941 ; 4.941 ;       ;
; S[0]       ; LEDG[5]     ;       ; 4.920 ; 4.920 ;       ;
; S[0]       ; LEDG[6]     ;       ; 4.666 ; 4.666 ;       ;
; S[0]       ; LEDG[7]     ;       ; 4.371 ; 4.371 ;       ;
; S[0]       ; LEDR[0]     ; 4.609 ; 4.609 ; 4.609 ; 4.609 ;
; S[0]       ; LEDR[1]     ; 4.928 ; 5.108 ; 5.108 ; 4.928 ;
; S[1]       ; LEDG[0]     ; 4.547 ; 4.547 ; 4.547 ; 4.547 ;
; S[1]       ; LEDG[1]     ; 4.855 ; 4.855 ; 4.855 ; 4.855 ;
; S[1]       ; LEDG[2]     ; 4.756 ; 4.756 ; 4.756 ; 4.756 ;
; S[1]       ; LEDG[3]     ; 4.825 ; 4.825 ; 4.825 ; 4.825 ;
; S[1]       ; LEDG[4]     ;       ; 4.834 ; 4.834 ;       ;
; S[1]       ; LEDG[5]     ;       ; 4.813 ; 4.813 ;       ;
; S[1]       ; LEDG[6]     ;       ; 4.559 ; 4.559 ;       ;
; S[1]       ; LEDG[7]     ;       ; 4.257 ; 4.257 ;       ;
; S[1]       ; LEDR[0]     ; 4.506 ; 4.506 ; 4.506 ; 4.506 ;
; S[1]       ; LEDR[1]     ; 4.821 ; 4.987 ; 4.987 ; 4.821 ;
; S[2]       ; LEDG[0]     ; 4.538 ; 4.538 ; 4.538 ; 4.538 ;
; S[2]       ; LEDG[1]     ; 4.954 ; 4.954 ; 4.954 ; 4.954 ;
; S[2]       ; LEDG[2]     ; 4.814 ; 4.814 ; 4.814 ; 4.814 ;
; S[2]       ; LEDG[3]     ; 5.104 ; 4.698 ; 4.698 ; 5.104 ;
; S[2]       ; LEDR[0]     ; 4.231 ; 4.336 ; 4.336 ; 4.231 ;
; S[2]       ; LEDR[1]     ; 4.860 ; 5.266 ; 5.266 ; 4.860 ;
; S[3]       ; LEDG[0]     ; 6.479 ; 6.479 ; 6.479 ; 6.479 ;
; S[3]       ; LEDG[1]     ; 7.037 ; 7.037 ; 7.037 ; 7.037 ;
; S[3]       ; LEDG[2]     ; 7.017 ; 7.017 ; 7.017 ; 7.017 ;
; S[3]       ; LEDG[3]     ; 7.317 ; 6.927 ; 6.927 ; 7.317 ;
; S[3]       ; LEDG[4]     ; 7.159 ;       ;       ; 7.159 ;
; S[3]       ; LEDG[5]     ; 7.138 ;       ;       ; 7.138 ;
; S[3]       ; LEDG[6]     ; 6.884 ;       ;       ; 6.884 ;
; S[3]       ; LEDG[7]     ; 6.587 ;       ;       ; 6.587 ;
; S[3]       ; LEDR[1]     ; 7.089 ; 7.146 ; 7.146 ; 7.089 ;
+------------+-------------+-------+-------+-------+-------+


-------------------
; Clock Transfers ;
-------------------
Nothing to report.


---------------
; Report TCCS ;
---------------
No dedicated SERDES Transmitter circuitry present in device or used in design


---------------
; Report RSKM ;
---------------
No dedicated SERDES Receiver circuitry present in device or used in design


+------------------------------------------------+
; Unconstrained Paths                            ;
+---------------------------------+-------+------+
; Property                        ; Setup ; Hold ;
+---------------------------------+-------+------+
; Illegal Clocks                  ; 0     ; 0    ;
; Unconstrained Clocks            ; 0     ; 0    ;
; Unconstrained Input Ports       ; 12    ; 12   ;
; Unconstrained Input Port Paths  ; 115   ; 115  ;
; Unconstrained Output Ports      ; 10    ; 10   ;
; Unconstrained Output Port Paths ; 115   ; 115  ;
+---------------------------------+-------+------+


+------------------------------------+
; TimeQuest Timing Analyzer Messages ;
+------------------------------------+
Info: *******************************************************************
Info: Running Quartus II 64-Bit TimeQuest Timing Analyzer
    Info: Version 13.0.1 Build 232 06/12/2013 Service Pack 1 SJ Web Edition
    Info: Processing started: Tue Oct 15 09:51:29 2024
Info: Command: quartus_sta ALU -c ALU
Info: qsta_default_script.tcl version: #1
Warning (20028): Parallel compilation is not licensed and has been disabled
Info (21077): Low junction temperature is 0 degrees C
Info (21077): High junction temperature is 85 degrees C
Critical Warning (332012): Synopsys Design Constraints File file not found: 'ALU.sdc'. A Synopsys Design Constraints File is required by the TimeQuest Timing Analyzer to get proper timing constraints. Without it, the Compiler will not properly optimize the design.
Info (332142): No user constrained base clocks found in the design. Calling "derive_clocks -period 1.0"
Info (332096): The command derive_clocks did not find any clocks to derive.  No clocks were created or changed.
Warning (332068): No clocks defined in design.
Info: Found TIMEQUEST_REPORT_SCRIPT_INCLUDE_DEFAULT_ANALYSIS = ON
Info (332159): No clocks to report
Info: Analyzing Slow Model
Info (332140): No fmax paths to report
Info (332140): No Setup paths to report
Info (332140): No Hold paths to report
Info (332140): No Recovery paths to report
Info (332140): No Removal paths to report
Info (332140): No Minimum Pulse Width paths to report
Info (332001): The selected device family is not supported by the report_metastability command.
Info: Analyzing Fast Model
Info (332142): No user constrained base clocks found in the design. Calling "derive_clocks -period 1.0"
Info (332096): The command derive_clocks did not find any clocks to derive.  No clocks were created or changed.
Warning (332068): No clocks defined in design.
Info (332140): No Setup paths to report
Info (332140): No Hold paths to report
Info (332140): No Recovery paths to report
Info (332140): No Removal paths to report
Info (332140): No Minimum Pulse Width paths to report
Info (332001): The selected device family is not supported by the report_metastability command.
Info (332102): Design is not fully constrained for setup requirements
Info (332102): Design is not fully constrained for hold requirements
Info: Quartus II 64-Bit TimeQuest Timing Analyzer was successful. 0 errors, 4 warnings
    Info: Peak virtual memory: 4555 megabytes
    Info: Processing ended: Tue Oct 15 09:51:30 2024
    Info: Elapsed time: 00:00:01
    Info: Total CPU time (on all processors): 00:00:00


